------------------------------------------------------------
TimeQuest Timing Analyzer Summary
------------------------------------------------------------

Type  : Slow 1200mV 85C Model Setup 'CLOCK_50'
Slack : -3.055
TNS   : -87.377

Type  : Slow 1200mV 85C Model Hold 'CLOCK_50'
Slack : 0.357
TNS   : 0.000

Type  : Slow 1200mV 85C Model Recovery 'CLOCK_50'
Slack : -3.325
TNS   : -38.775

Type  : Slow 1200mV 85C Model Removal 'CLOCK_50'
Slack : 1.652
TNS   : 0.000

Type  : Slow 1200mV 85C Model Minimum Pulse Width 'CLOCK_50'
Slack : -3.000
TNS   : -47.000

Type  : Slow 1200mV 0C Model Setup 'CLOCK_50'
Slack : -2.716
TNS   : -75.613

Type  : Slow 1200mV 0C Model Hold 'CLOCK_50'
Slack : 0.312
TNS   : 0.000

Type  : Slow 1200mV 0C Model Recovery 'CLOCK_50'
Slack : -2.958
TNS   : -32.857

Type  : Slow 1200mV 0C Model Removal 'CLOCK_50'
Slack : 1.491
TNS   : 0.000

Type  : Slow 1200mV 0C Model Minimum Pulse Width 'CLOCK_50'
Slack : -3.000
TNS   : -47.000

Type  : Fast 1200mV 0C Model Setup 'CLOCK_50'
Slack : -1.392
TNS   : -31.260

Type  : Fast 1200mV 0C Model Hold 'CLOCK_50'
Slack : 0.186
TNS   : 0.000

Type  : Fast 1200mV 0C Model Recovery 'CLOCK_50'
Slack : -1.431
TNS   : -11.649

Type  : Fast 1200mV 0C Model Removal 'CLOCK_50'
Slack : 0.906
TNS   : 0.000

Type  : Fast 1200mV 0C Model Minimum Pulse Width 'CLOCK_50'
Slack : -3.000
TNS   : -49.451

------------------------------------------------------------
